../Core/Src/ds18b20.c:8:6:delay_us	32	static
../Core/Src/ds18b20.c:40:6:delay_ms	16	static
../Core/Src/ds18b20.c:46:6:DS18B20_Rst	8	static
../Core/Src/ds18b20.c:58:9:DS18B20_Check	16	static
../Core/Src/ds18b20.c:81:9:DS18B20_Read_Bit	16	static
../Core/Src/ds18b20.c:99:9:DS18B20_Read_Byte	16	static
../Core/Src/ds18b20.c:115:6:DS18B20_Write_Byte	24	static
../Core/Src/ds18b20.c:143:6:DS18B20_Start	8	static
../Core/Src/ds18b20.c:155:9:DS18B20_Init	32	static
../Core/Src/ds18b20.c:180:7:DS18B20_Get_Temp	16	static
