../Core/Src/oled.c:26:6:OLED_Init	16	static
../Core/Src/oled.c:44:6:OLED_WR_CMD	32	static
../Core/Src/oled.c:55:6:OLED_WR_DATA	32	static
../Core/Src/oled.c:66:6:OLED_On	16	static
../Core/Src/oled.c:85:6:OLED_Clear	16	static
../Core/Src/oled.c:103:6:OLED_Display_On	8	static
../Core/Src/oled.c:116:6:OLED_Display_Off	8	static
../Core/Src/oled.c:129:6:OLED_Set_Pos	16	static
../Core/Src/oled.c:143:14:oled_pow	24	static
../Core/Src/oled.c:160:6:OLED_ShowChar	32	static
../Core/Src/oled.c:208:6:OLED_ShowString	40	static
../Core/Src/oled.c:243:6:OLED_ShowNum	40	static
../Core/Src/oled.c:276:6:OLED_Showdecimal	48	static
../Core/Src/oled.c:332:6:OLED_ShowCHinese	32	static
../Core/Src/oled.c:366:6:OLED_DrawBMP	32	static
../Core/Src/oled.c:396:6:OLED_HorizontalShift	16	static
../Core/Src/oled.c:419:6:OLED_Some_HorizontalShift	16	static
../Core/Src/oled.c:440:6:OLED_VerticalAndHorizontalShift	16	static
../Core/Src/oled.c:461:6:OLED_DisplayMode	16	static
../Core/Src/oled.c:472:6:OLED_IntensityControl	16	static
